sizeof(type Dummy) == 24
sizeof(type [3]Dummy) == 72
sizeof(d) == 24
sizeof(&d) == 4
