big > small
!(small > big)
false
true
all ok
interesting
very interesting
1 2 3
10 20 3
