0 0 0
4 3 2 1 0
254 253 251 247 239
1 2 4 8 16
1 2 8 12
A B C D E
0.000000 4.500000 9.000000 6 8 10
0 1 8 27 64
