5
10
15
20
5 3.141500
1 0
7 4.525000
7.333000 127
1 0 0
0 2 0
0 0 3
4
if 1 0
switch 1 3 0
switch2 2 3 0
