len: 0, cap: 0, data: ''
len: 10, cap: 10, data: 'hello, nsf'
len: 20, cap: 20, data: 'Hello: 333, 3.141500'
